// Bun Snapshot v1, https://bun.sh/docs/test/snapshots

exports[`parity 1`] = `
{
  "Resources": {
    "Bucket83908E77": {
      "DeletionPolicy": "Retain",
      "Properties": {
        "BucketName": "parity-bucket",
      },
      "Type": "AWS::S3::Bucket",
      "UpdateReplacePolicy": "Retain",
    },
    "Fn9270CBC0": {
      "DependsOn": [
        "FnServiceRoleB9001A96",
      ],
      "Properties": {
        "Code": Any<Object>,
        "Handler": "index.handler",
        "Role": {
          "Fn::GetAtt": [
            "FnServiceRoleB9001A96",
            "Arn",
          ],
        },
        "Runtime": "nodejs22.x",
      },
      "Type": "AWS::Lambda::Function",
    },
    "FnServiceRoleB9001A96": {
      "Properties": {
        "AssumeRolePolicyDocument": {
          "Statement": [
            {
              "Action": "sts:AssumeRole",
              "Effect": "Allow",
              "Principal": {
                "Service": "lambda.amazonaws.com",
              },
            },
          ],
          "Version": "2012-10-17",
        },
        "ManagedPolicyArns": [
          {
            "Fn::Join": [
              "",
              [
                "arn:",
                {
                  "Ref": "AWS::Partition",
                },
                ":iam::aws:policy/service-role/AWSLambdaBasicExecutionRole",
              ],
            ],
          },
        ],
      },
      "Type": "AWS::IAM::Role",
    },
  },
}
`;
