// Bun Snapshot v1, https://bun.sh/docs/test/snapshots

exports[`registers itself on the runner's expect 1`] = `
{
  "Resources": {
    "Bucket83908E77": {
      "DeletionPolicy": "Retain",
      "Properties": {
        "BucketName": "matcher-bucket",
      },
      "Type": "AWS::S3::Bucket",
      "UpdateReplacePolicy": "Retain",
    },
  },
}
`;
